// Jest Snapshot v1, https://goo.gl/fbAQLP

exports[`InputComponent renders correctly 1`] = `
<DocumentFragment>
  <div
    class="mb-4"
  >
    <label
      class="block text-gray-700 text-sm font-bold mb-2"
      for="test"
    >
      Test Label
    </label>
    <input
      class="shadow appearance-none border rounded w-full py-2 px-3 text-gray-700 leading-tight focus:outline-none focus:shadow-outline "
      id="test"
      name="test"
      type="text"
      value=""
    />
  </div>
</DocumentFragment>
`;
